******************************************************************************
                  TI ARM Linker Unix v5.2.5                    
******************************************************************************
>> Linked Thu Oct  1 21:38:53 2015

OUTPUT FILE NAME:   <applicationIMU.out>
ENTRY POINT SYMBOL: "_c_int00"  address: 00000b3d


MEMORY CONFIGURATION

         name            origin    length      used     unused   attr    fill
----------------------  --------  ---------  --------  --------  ----  --------
  FLASH                 00000000   00040000  00000c90  0003f370  R  X
  SRAM                  20000000   00008000  0000021c  00007de4  RW X


SEGMENT ALLOCATION MAP

run origin  load origin   length   init length attrs members
----------  ----------- ---------- ----------- ----- -------
00000000    00000000    00000c94   00000c94    r-x
  00000000    00000000    0000026c   0000026c    r-- .intvecs
  0000026c    0000026c    00000a00   00000a00    r-x .text
  00000c70    00000c70    00000024   00000024    r-- .cinit
20000000    20000000    0000021c   00000000    rw-
  20000000    20000000    00000200   00000000    rw- .stack
  20000200    20000200    0000001c   00000000    rw- .data


SECTION ALLOCATION MAP

 output                                  attributes/
section   page    origin      length       input sections
--------  ----  ----------  ----------   ----------------
.intvecs   0    00000000    0000026c     
                  00000000    0000026c     tm4c123gh6pm_startup_ccs.obj (.intvecs)

.text      0    0000026c    00000a00     
                  0000026c    0000037c     myI2C.obj (.text)
                  000005e8    0000023c     myGPIO.obj (.text)
                  00000824    000000a8     main.obj (.text)
                  000008cc    0000009c     rtsv7M4_T_le_v4SPD16_eabi.lib : memcpy_t2.obj (.text)
                  00000968    00000080     mySysTick.obj (.text)
                  000009e8    0000007a     rtsv7M4_T_le_v4SPD16_eabi.lib : memset_t2.obj (.text)
                  00000a62    00000002     --HOLE-- [fill = 0]
                  00000a64    0000006c                                   : autoinit.obj (.text)
                  00000ad0    0000006a                                   : copy_decompress_rle.obj (.text)
                  00000b3a    00000002     --HOLE-- [fill = 0]
                  00000b3c    00000050                                   : boot.obj (.text)
                  00000b8c    0000004c                                   : cpy_tbl.obj (.text)
                  00000bd8    00000044                                   : exit.obj (.text)
                  00000c1c    00000018                                   : args_main.obj (.text)
                  00000c34    00000014                                   : _lock.obj (.text)
                  00000c48    0000000e                                   : copy_decompress_none.obj (.text:decompress:none)
                  00000c56    0000000c     tm4c123gh6pm_startup_ccs.obj (.text)
                  00000c62    00000006     rtsv7M4_T_le_v4SPD16_eabi.lib : copy_decompress_rle.obj (.text:decompress:rle24)
                  00000c68    00000004                                   : pre_init.obj (.text)

.cinit     0    00000c70    00000024     
                  00000c70    00000012     (.cinit..data.load) [load image, compression = rle]
                  00000c82    00000002     --HOLE-- [fill = 0]
                  00000c84    00000008     (__TI_handler_table)
                  00000c8c    00000008     (__TI_cinit_table)

.init_array 
*          0    00000000    00000000     UNINITIALIZED

.data      0    20000200    0000001c     UNINITIALIZED
                  20000200    00000008     main.obj (.data)
                  20000208    00000008     rtsv7M4_T_le_v4SPD16_eabi.lib : _lock.obj (.data)
                  20000210    00000008                                   : exit.obj (.data)
                  20000218    00000004                                   : stkdepth_vars.obj (.data)

.stack     0    20000000    00000200     UNINITIALIZED
                  20000000    00000200     --HOLE--

.TI.persistent 
*          0    20000200    00000000     UNINITIALIZED


LINKER GENERATED COPY TABLES

__TI_cinit_table @ 00000c8c records: 1, size/record: 8, table size: 8
	.data: load addr=00000c70, load size=00000012 bytes, run addr=20000200, run size=0000001c bytes, compression=rle


LINKER GENERATED HANDLER TABLE

__TI_handler_table @ 00000c84 records: 2, size/record: 4, table size: 8
	index: 0, handler: __TI_decompress_rle24
	index: 1, handler: __TI_decompress_none


GLOBAL SYMBOLS: SORTED ALPHABETICALLY BY Name 

address   name                    
-------   ----                    
00000bd9  C$$EXIT                 
00000751  GPIOPortF_Handler       
000005e9  GPIO_init               
000005b5  I2C0_Handler            
000003c5  I2C_CheckError          
0000041b  I2C_Execute             
0000026d  I2C_init                
000002db  I2C_init_IMU            
000004df  I2C_readSlv             
0000044d  I2C_readSlvChunk        
0000042f  I2C_sendRecieveWithStop 
000003ad  I2C_setData             
0000038d  I2C_setReadSlv          
00000401  I2C_waitTillDone        
00000411  I2C_waitTillIdle        
0000054d  I2C_writeSlv            
00000c57  ResetISR                
UNDEFED   SHT$$INIT_ARRAY$$Base   
UNDEFED   SHT$$INIT_ARRAY$$Limit  
00000969  SysTick_Handler         
20000200  __STACK_END             
00000200  __STACK_SIZE            
20000200  __STACK_TOP             
00000c8c  __TI_CINIT_Base         
00000c94  __TI_CINIT_Limit        
00000c84  __TI_Handler_Table_Base 
00000c8c  __TI_Handler_Table_Limit
00000a65  __TI_auto_init          
20000210  __TI_cleanup_ptr        
00000c49  __TI_decompress_none    
00000c63  __TI_decompress_rle24   
20000214  __TI_dtors_ptr          
00000000  __TI_static_base__      
000009e9  __aeabi_memclr          
000009e9  __aeabi_memclr4         
000009e9  __aeabi_memclr8         
000008cd  __aeabi_memcpy          
000008cd  __aeabi_memcpy4         
000008cd  __aeabi_memcpy8         
000009eb  __aeabi_memset          
000009eb  __aeabi_memset4         
000009eb  __aeabi_memset8         
ffffffff  __binit__               
ffffffff  __c_args__              
20000000  __stack                 
00000c1d  _args_main              
00000b3d  _c_int00                
20000208  _lock                   
00000c43  _nop                    
00000c3b  _register_lock          
00000c35  _register_unlock        
00000c69  _system_pre_init        
2000020c  _unlock                 
00000bdd  abort                   
ffffffff  binit                   
00000b8d  copy_in                 
00000be5  exit                    
00000000  g_pfnVectors            
00000825  main                    
20000218  main_func_sp            
000008cd  memcpy                  
000009f1  memset                  
20000200  sCounter                
20000204  sLightOn                
000009bd  sysTickInit             


GLOBAL SYMBOLS: SORTED BY Symbol Address 

address   name                    
-------   ----                    
00000000  __TI_static_base__      
00000000  g_pfnVectors            
00000200  __STACK_SIZE            
0000026d  I2C_init                
000002db  I2C_init_IMU            
0000038d  I2C_setReadSlv          
000003ad  I2C_setData             
000003c5  I2C_CheckError          
00000401  I2C_waitTillDone        
00000411  I2C_waitTillIdle        
0000041b  I2C_Execute             
0000042f  I2C_sendRecieveWithStop 
0000044d  I2C_readSlvChunk        
000004df  I2C_readSlv             
0000054d  I2C_writeSlv            
000005b5  I2C0_Handler            
000005e9  GPIO_init               
00000751  GPIOPortF_Handler       
00000825  main                    
000008cd  __aeabi_memcpy          
000008cd  __aeabi_memcpy4         
000008cd  __aeabi_memcpy8         
000008cd  memcpy                  
00000969  SysTick_Handler         
000009bd  sysTickInit             
000009e9  __aeabi_memclr          
000009e9  __aeabi_memclr4         
000009e9  __aeabi_memclr8         
000009eb  __aeabi_memset          
000009eb  __aeabi_memset4         
000009eb  __aeabi_memset8         
000009f1  memset                  
00000a65  __TI_auto_init          
00000b3d  _c_int00                
00000b8d  copy_in                 
00000bd9  C$$EXIT                 
00000bdd  abort                   
00000be5  exit                    
00000c1d  _args_main              
00000c35  _register_unlock        
00000c3b  _register_lock          
00000c43  _nop                    
00000c49  __TI_decompress_none    
00000c57  ResetISR                
00000c63  __TI_decompress_rle24   
00000c69  _system_pre_init        
00000c84  __TI_Handler_Table_Base 
00000c8c  __TI_CINIT_Base         
00000c8c  __TI_Handler_Table_Limit
00000c94  __TI_CINIT_Limit        
20000000  __stack                 
20000200  __STACK_END             
20000200  __STACK_TOP             
20000200  sCounter                
20000204  sLightOn                
20000208  _lock                   
2000020c  _unlock                 
20000210  __TI_cleanup_ptr        
20000214  __TI_dtors_ptr          
20000218  main_func_sp            
ffffffff  __binit__               
ffffffff  __c_args__              
ffffffff  binit                   
UNDEFED   SHT$$INIT_ARRAY$$Base   
UNDEFED   SHT$$INIT_ARRAY$$Limit  

[65 symbols]
