******************************************************************************
                  TI ARM Linker Unix v5.2.5                    
******************************************************************************
>> Linked Sun Oct  4 18:13:49 2015

OUTPUT FILE NAME:   <applicationIMU.out>
ENTRY POINT SYMBOL: "_c_int00"  address: 0000125d


MEMORY CONFIGURATION

         name            origin    length      used     unused   attr    fill
----------------------  --------  ---------  --------  --------  ----  --------
  FLASH                 00000000   00040000  000013b8  0003ec48  R  X
  SRAM                  20000000   00008000  00000230  00007dd0  RW X


SEGMENT ALLOCATION MAP

run origin  load origin   length   init length attrs members
----------  ----------- ---------- ----------- ----- -------
00000000    00000000    000013bc   000013bc    r-x
  00000000    00000000    0000026c   0000026c    r-- .intvecs
  0000026c    0000026c    00001120   00001120    r-x .text
  00001390    00001390    0000002c   0000002c    r-- .cinit
20000000    20000000    00000230   00000000    rw-
  20000000    20000000    00000200   00000000    rw- .stack
  20000200    20000200    00000028   00000000    rw- .data
  20000228    20000228    00000008   00000000    rw- .sysmem


SECTION ALLOCATION MAP

 output                                  attributes/
section   page    origin      length       input sections
--------  ----  ----------  ----------   ----------------
.intvecs   0    00000000    0000026c     
                  00000000    0000026c     tm4c123gh6pm_startup_ccs.obj (.intvecs)

.text      0    0000026c    00001120     
                  0000026c    000003dc     rtsv7M4_T_le_v4SPD16_eabi.lib : memory.obj (.text)
                  00000648    000002d8     myI2C.obj (.text)
                  00000920    000002ac     IMUReader.obj (.text)
                  00000bcc    000001c4     myUART.obj (.text)
                  00000d90    00000148     myGPIO.obj (.text)
                  00000ed8    00000120     main.obj (.text)
                  00000ff8    0000009c     rtsv7M4_T_le_v4SPD16_eabi.lib : memcpy_t2.obj (.text)
                  00001094    0000007a                                   : memset_t2.obj (.text)
                  0000110e    00000002     --HOLE-- [fill = 0]
                  00001110    00000074     mySysTick.obj (.text)
                  00001184    0000006c     rtsv7M4_T_le_v4SPD16_eabi.lib : autoinit.obj (.text)
                  000011f0    0000006a                                   : copy_decompress_rle.obj (.text)
                  0000125a    00000002     --HOLE-- [fill = 0]
                  0000125c    00000050                                   : boot.obj (.text)
                  000012ac    0000004c                                   : cpy_tbl.obj (.text)
                  000012f8    00000044                                   : exit.obj (.text)
                  0000133c    00000018                                   : args_main.obj (.text)
                  00001354    00000014                                   : _lock.obj (.text)
                  00001368    0000000e                                   : copy_decompress_none.obj (.text:decompress:none)
                  00001376    0000000c     tm4c123gh6pm_startup_ccs.obj (.text)
                  00001382    00000006     rtsv7M4_T_le_v4SPD16_eabi.lib : copy_decompress_rle.obj (.text:decompress:rle24)
                  00001388    00000004                                   : pre_init.obj (.text)

.cinit     0    00001390    0000002c     
                  00001390    0000001b     (.cinit..data.load) [load image, compression = rle]
                  000013ab    00000001     --HOLE-- [fill = 0]
                  000013ac    00000008     (__TI_handler_table)
                  000013b4    00000008     (__TI_cinit_table)

.init_array 
*          0    00000000    00000000     UNINITIALIZED

.stack     0    20000000    00000200     UNINITIALIZED
                  20000000    00000200     --HOLE--

.data      0    20000200    00000028     UNINITIALIZED
                  20000200    0000000c     rtsv7M4_T_le_v4SPD16_eabi.lib : memory.obj (.data)
                  2000020c    00000008     main.obj (.data)
                  20000214    00000008     rtsv7M4_T_le_v4SPD16_eabi.lib : _lock.obj (.data)
                  2000021c    00000008                                   : exit.obj (.data)
                  20000224    00000004                                   : stkdepth_vars.obj (.data)

.sysmem    0    20000228    00000008     UNINITIALIZED
                  20000228    00000008     rtsv7M4_T_le_v4SPD16_eabi.lib : memory.obj (.sysmem)

.TI.persistent 
*          0    20000200    00000000     UNINITIALIZED


LINKER GENERATED COPY TABLES

__TI_cinit_table @ 000013b4 records: 1, size/record: 8, table size: 8
	.data: load addr=00001390, load size=0000001b bytes, run addr=20000200, run size=00000028 bytes, compression=rle


LINKER GENERATED HANDLER TABLE

__TI_handler_table @ 000013ac records: 2, size/record: 4, table size: 8
	index: 0, handler: __TI_decompress_rle24
	index: 1, handler: __TI_decompress_none


GLOBAL SYMBOLS: SORTED ALPHABETICALLY BY Name 

address   name                    
-------   ----                    
000012f9  C$$EXIT                 
00000e43  GPIOPortF_Handler       
00000d91  GPIO_init               
000008eb  I2C0_Handler            
000006ef  I2C_CheckError          
00000745  I2C_Execute             
00000649  I2C_init                
0000081b  I2C_readSlv             
00000777  I2C_readSlvChunk        
00000759  I2C_sendRecieveWithStop 
000006d7  I2C_setData             
000006b7  I2C_setReadSlv          
0000072b  I2C_waitTillDone        
0000073b  I2C_waitTillIdle        
00000883  I2C_writeSlv            
00000921  IMU_init                
00000adf  IMU_printUART           
00000993  IMU_readUnit            
00000ed9  PLL_Init                
00001377  ResetISR                
UNDEFED   SHT$$INIT_ARRAY$$Base   
UNDEFED   SHT$$INIT_ARRAY$$Limit  
00001111  SysTick_Handler         
00000bcd  UART_init               
00000cab  UART_write              
00000c8f  UART_write_byte         
00000cdb  UART_write_minimal      
00000d29  UART_writeln            
20000200  __STACK_END             
00000200  __STACK_SIZE            
20000200  __STACK_TOP             
00000008  __SYSMEM_SIZE           
000013b4  __TI_CINIT_Base         
000013bc  __TI_CINIT_Limit        
000013ac  __TI_Handler_Table_Base 
000013b4  __TI_Handler_Table_Limit
00001185  __TI_auto_init          
2000021c  __TI_cleanup_ptr        
00001369  __TI_decompress_none    
00001383  __TI_decompress_rle24   
20000220  __TI_dtors_ptr          
00000000  __TI_static_base__      
00001095  __aeabi_memclr          
00001095  __aeabi_memclr4         
00001095  __aeabi_memclr8         
00000ff9  __aeabi_memcpy          
00000ff9  __aeabi_memcpy4         
00000ff9  __aeabi_memcpy8         
00001097  __aeabi_memset          
00001097  __aeabi_memset4         
00001097  __aeabi_memset8         
ffffffff  __binit__               
ffffffff  __c_args__              
20000000  __stack                 
0000133d  _args_main              
0000125d  _c_int00                
20000214  _lock                   
00001363  _nop                    
0000135b  _register_lock          
00001355  _register_unlock        
20000228  _sys_memory             
00001389  _system_pre_init        
20000218  _unlock                 
000012fd  abort                   
ffffffff  binit                   
00000615  calloc                  
000012ad  copy_in                 
00001305  exit                    
00000a45  flipbits                
00000363  free                    
00000000  g_pfnVectors            
00000f3f  main                    
20000224  main_func_sp            
000002fb  malloc                  
00000531  memalign                
00000ff9  memcpy                  
0000109d  memset                  
0000026d  minit                   
00000a89  myitoa                  
00000425  realloc                 
2000020c  sCounter                
20000210  sLightOn                
00001159  sysTickInit             


GLOBAL SYMBOLS: SORTED BY Symbol Address 

address   name                    
-------   ----                    
00000000  __TI_static_base__      
00000000  g_pfnVectors            
00000008  __SYSMEM_SIZE           
00000200  __STACK_SIZE            
0000026d  minit                   
000002fb  malloc                  
00000363  free                    
00000425  realloc                 
00000531  memalign                
00000615  calloc                  
00000649  I2C_init                
000006b7  I2C_setReadSlv          
000006d7  I2C_setData             
000006ef  I2C_CheckError          
0000072b  I2C_waitTillDone        
0000073b  I2C_waitTillIdle        
00000745  I2C_Execute             
00000759  I2C_sendRecieveWithStop 
00000777  I2C_readSlvChunk        
0000081b  I2C_readSlv             
00000883  I2C_writeSlv            
000008eb  I2C0_Handler            
00000921  IMU_init                
00000993  IMU_readUnit            
00000a45  flipbits                
00000a89  myitoa                  
00000adf  IMU_printUART           
00000bcd  UART_init               
00000c8f  UART_write_byte         
00000cab  UART_write              
00000cdb  UART_write_minimal      
00000d29  UART_writeln            
00000d91  GPIO_init               
00000e43  GPIOPortF_Handler       
00000ed9  PLL_Init                
00000f3f  main                    
00000ff9  __aeabi_memcpy          
00000ff9  __aeabi_memcpy4         
00000ff9  __aeabi_memcpy8         
00000ff9  memcpy                  
00001095  __aeabi_memclr          
00001095  __aeabi_memclr4         
00001095  __aeabi_memclr8         
00001097  __aeabi_memset          
00001097  __aeabi_memset4         
00001097  __aeabi_memset8         
0000109d  memset                  
00001111  SysTick_Handler         
00001159  sysTickInit             
00001185  __TI_auto_init          
0000125d  _c_int00                
000012ad  copy_in                 
000012f9  C$$EXIT                 
000012fd  abort                   
00001305  exit                    
0000133d  _args_main              
00001355  _register_unlock        
0000135b  _register_lock          
00001363  _nop                    
00001369  __TI_decompress_none    
00001377  ResetISR                
00001383  __TI_decompress_rle24   
00001389  _system_pre_init        
000013ac  __TI_Handler_Table_Base 
000013b4  __TI_CINIT_Base         
000013b4  __TI_Handler_Table_Limit
000013bc  __TI_CINIT_Limit        
20000000  __stack                 
20000200  __STACK_END             
20000200  __STACK_TOP             
2000020c  sCounter                
20000210  sLightOn                
20000214  _lock                   
20000218  _unlock                 
2000021c  __TI_cleanup_ptr        
20000220  __TI_dtors_ptr          
20000224  main_func_sp            
20000228  _sys_memory             
ffffffff  __binit__               
ffffffff  __c_args__              
ffffffff  binit                   
UNDEFED   SHT$$INIT_ARRAY$$Base   
UNDEFED   SHT$$INIT_ARRAY$$Limit  

[83 symbols]
